
Memory Configuration

Name             Origin             Length             Attributes
flash            0x00000000         0x00080000
ram_isp_low      0x40000120         0x000000df         a
ram              0x40000200         0x00007f01
ram_isp_high     0x40007fe0         0x00000020         a
ram_usb_dma      0x7fd00000         0x00002000
*default*        0x00000000         0xffffffff

Linker script and memory map

                0x40007edc                _stack_end = 0x40007edc
                0x00000000                . = 0x0

startup
 *(.startup)

.text           0x00000000     0x1838
 *(.text)
 .text          0x00000000       0xd8 crt.o
                0x00000000                _startup
                0x00000040                Reset_Handler
 .text          0x000000d8      0x590 main.o
                0x000000d8                main
 .text          0x00000668      0x69c audio.o
                0x00000784                fm_voice
                0x00000760                synth_stop
                0x00000668                synth_init
 .text          0x00000d04      0x56c system.o
                0x00001240                UNDEF_Routine
                0x00000d4c                led_card_init
                0x00000df4                led_card
                0x00001230                SWI_Routine
                0x00001220                FIQ_Routine
                0x00000f48                get_char
                0x00000d04                led_board_init
                0x00000e54                delay_ms
                0x00000ed0                delay_ticks
                0x00001124                feed
                0x00001210                IRQ_Routine
                0x0000115c                enableIRQ
                0x00000d94                led_board
                0x00001194                disableIRQ
                0x00000fe8                Initialize
                0x00000f90                put_char
 .text          0x00001270      0x188 adc.o
                0x00001334                get_adc1
                0x00001270                get_adc0
 *(.rodata)
 .rodata        0x000013f8      0x240 main.o
                0x000013f8                miditof
 .rodata        0x00001638      0x200 audio.o
                0x00001738                triTable
                0x00001638                sineTable
 *(.rodata*)
 *(.glue_7)
 *(.glue_7t)
                0x00001838                _etext = .

.data           0x40000200       0x14 load address 0x00001838
                0x40000200                _data = .
 *(.data)
 .data          0x40000200       0x14 audio.o
                0x40000214                _edata = .

.bss            0x40000214       0x74
                0x40000214                _bss_start = .
 *(.bss)
 .bss           0x40000214       0x74 audio.o
                0x40000284                sample
                0x40000288                . = ALIGN (0x4)
                0x40000288                _bss_end = .
                0x40000288                _end = .
LOAD crt.o
LOAD main.o
LOAD audio.o
LOAD system.o
LOAD adc.o
OUTPUT(main.out elf32-littlearm)

.debug_abbrev   0x00000000      0x272
 .debug_abbrev  0x00000000       0x71 main.o
 .debug_abbrev  0x00000071       0xa6 audio.o
 .debug_abbrev  0x00000117       0xee system.o
 .debug_abbrev  0x00000205       0x6d adc.o

.debug_info     0x00000000      0x981
 .debug_info    0x00000000      0x1d1 main.o
 .debug_info    0x000001d1      0x34d audio.o
 .debug_info    0x0000051e      0x35d system.o
 .debug_info    0x0000087b      0x106 adc.o

.debug_line     0x00000000      0x207
 .debug_line    0x00000000       0x98 main.o
 .debug_line    0x00000098       0x8e audio.o
 .debug_line    0x00000126       0x9a system.o
 .debug_line    0x000001c0       0x47 adc.o

.debug_frame    0x00000000      0x368
 .debug_frame   0x00000000       0x30 main.o
 .debug_frame   0x00000030       0x98 audio.o
 .debug_frame   0x000000c8      0x250 system.o
 .debug_frame   0x00000318       0x50 adc.o

.debug_pubnames
                0x00000000      0x1b6
 .debug_pubnames
                0x00000000       0x27 main.o
 .debug_pubnames
                0x00000027       0x63 audio.o
 .debug_pubnames
                0x0000008a      0x100 system.o
 .debug_pubnames
                0x0000018a       0x2c adc.o

.debug_aranges  0x00000000       0x80
 .debug_aranges
                0x00000000       0x20 main.o
 .debug_aranges
                0x00000020       0x20 audio.o
 .debug_aranges
                0x00000040       0x20 system.o
 .debug_aranges
                0x00000060       0x20 adc.o

.comment        0x00000000       0x48
 .comment       0x00000000       0x12 main.o
 .comment       0x00000012       0x12 audio.o
 .comment       0x00000024       0x12 system.o
 .comment       0x00000036       0x12 adc.o

.debug_str      0x00000000        0xd
 .debug_str     0x00000000        0xd system.o
