Archive member included because of file (symbol)

/home/owen/ARM/gnuarm-3.4.3/lib/gcc/arm-elf/3.4.3/libgcc.a(_udivsi3.o)
                              printf.o (__udivsi3)
/home/owen/ARM/gnuarm-3.4.3/lib/gcc/arm-elf/3.4.3/libgcc.a(_umodsi3.o)
                              printf.o (__umodsi3)
/home/owen/ARM/gnuarm-3.4.3/lib/gcc/arm-elf/3.4.3/libgcc.a(_dvmd_tls.o)
                              /home/owen/ARM/gnuarm-3.4.3/lib/gcc/arm-elf/3.4.3/libgcc.a(_udivsi3.o) (__div0)

Memory Configuration

Name             Origin             Length             Attributes
flash            0x00000000         0x00080000
ram_isp_low      0x40000120         0x000000df         a
ram              0x40000200         0x00007f01
ram_isp_high     0x40007fe0         0x00000020         a
ram_usb_dma      0x7fd00000         0x00002000
*default*        0x00000000         0xffffffff

Linker script and memory map

                0x40007edc                _stack_end = 0x40007edc
                0x00000000                . = 0x0

startup
 *(.startup)

.text           0x00000000     0x12e0
 *(.text)
 .text          0x00000000       0xd8 crt.o
                0x00000000                _startup
                0x00000040                Reset_Handler
 .text          0x000000d8       0xd0 main.o
                0x000000d8                main
 .text          0x000001a8      0x56c system.o
                0x000006e4                UNDEF_Routine
                0x000001f0                led_card_init
                0x00000298                led_card
                0x000006d4                SWI_Routine
                0x000006c4                FIQ_Routine
                0x000003ec                get_char
                0x000001a8                led_board_init
                0x000002f8                delay_ms
                0x00000374                delay_ticks
                0x000005c8                feed
                0x000006b4                IRQ_Routine
                0x00000600                enableIRQ
                0x00000238                led_board
                0x00000638                disableIRQ
                0x0000048c                Initialize
                0x00000434                put_char
 .text          0x00000714      0x830 printf.o
                0x00000ecc                printf
                0x00000f04                sprintf
 .text          0x00000f44      0x188 adc.o
                0x00001008                get_adc1
                0x00000f44                get_adc0
 .text          0x000010cc       0xf8 /home/owen/ARM/gnuarm-3.4.3/lib/gcc/arm-elf/3.4.3/libgcc.a(_udivsi3.o)
                0x000010cc                __udivsi3
 .text          0x000011c4       0xcc /home/owen/ARM/gnuarm-3.4.3/lib/gcc/arm-elf/3.4.3/libgcc.a(_umodsi3.o)
                0x000011c4                __umodsi3
 .text          0x00001290        0x4 /home/owen/ARM/gnuarm-3.4.3/lib/gcc/arm-elf/3.4.3/libgcc.a(_dvmd_tls.o)
                0x00001290                __div0
 *(.rodata)
 .rodata        0x00001294       0x44 main.o
 .rodata        0x000012d8        0x8 printf.o
 *(.rodata*)
 *(.glue_7)
 *(.glue_7t)
                0x000012e0                _etext = .

.data           0x40000200        0x0 load address 0x000012e0
                0x40000200                _data = .
 *(.data)
                0x40000200                _edata = .

.bss            0x40000200        0x0
                0x40000200                _bss_start = .
 *(.bss)
                0x40000200                . = ALIGN (0x4)
                0x40000200                _bss_end = .
                0x40000200                _end = .
LOAD crt.o
LOAD main.o
LOAD system.o
LOAD printf.o
LOAD adc.o
LOAD /home/owen/ARM/gnuarm-3.4.3/arm-elf/lib/libc.a
LOAD /home/owen/ARM/gnuarm-3.4.3/arm-elf/lib/libm.a
LOAD /home/owen/ARM/gnuarm-3.4.3/lib/gcc/arm-elf/3.4.3/libgcc.a
OUTPUT(main.out elf32-littlearm)

.debug_abbrev   0x00000000      0x319
 .debug_abbrev  0x00000000       0x76 main.o
 .debug_abbrev  0x00000076       0xee system.o
 .debug_abbrev  0x00000164      0x10c printf.o
 .debug_abbrev  0x00000270       0x6d adc.o
 .debug_abbrev  0x000002dd       0x14 /home/owen/ARM/gnuarm-3.4.3/lib/gcc/arm-elf/3.4.3/libgcc.a(_udivsi3.o)
 .debug_abbrev  0x000002f1       0x14 /home/owen/ARM/gnuarm-3.4.3/lib/gcc/arm-elf/3.4.3/libgcc.a(_umodsi3.o)
 .debug_abbrev  0x00000305       0x14 /home/owen/ARM/gnuarm-3.4.3/lib/gcc/arm-elf/3.4.3/libgcc.a(_dvmd_tls.o)

.debug_info     0x00000000      0xa33
 .debug_info    0x00000000       0xc4 main.o
 .debug_info    0x000000c4      0x354 system.o
 .debug_info    0x00000418      0x3c2 printf.o
 .debug_info    0x000007da       0xfd adc.o
 .debug_info    0x000008d7       0x74 /home/owen/ARM/gnuarm-3.4.3/lib/gcc/arm-elf/3.4.3/libgcc.a(_udivsi3.o)
 .debug_info    0x0000094b       0x74 /home/owen/ARM/gnuarm-3.4.3/lib/gcc/arm-elf/3.4.3/libgcc.a(_umodsi3.o)
 .debug_info    0x000009bf       0x74 /home/owen/ARM/gnuarm-3.4.3/lib/gcc/arm-elf/3.4.3/libgcc.a(_dvmd_tls.o)

.debug_line     0x00000000      0x32f
 .debug_line    0x00000000       0x55 main.o
 .debug_line    0x00000055       0x9a system.o
 .debug_line    0x000000ef       0xb3 printf.o
 .debug_line    0x000001a2       0x47 adc.o
 .debug_line    0x000001e9       0x7d /home/owen/ARM/gnuarm-3.4.3/lib/gcc/arm-elf/3.4.3/libgcc.a(_udivsi3.o)
 .debug_line    0x00000266       0x6f /home/owen/ARM/gnuarm-3.4.3/lib/gcc/arm-elf/3.4.3/libgcc.a(_umodsi3.o)
 .debug_line    0x000002d5       0x5a /home/owen/ARM/gnuarm-3.4.3/lib/gcc/arm-elf/3.4.3/libgcc.a(_dvmd_tls.o)

.debug_frame    0x00000000      0x3ac
 .debug_frame   0x00000000       0x30 main.o
 .debug_frame   0x00000030      0x250 system.o
 .debug_frame   0x00000280       0xdc printf.o
 .debug_frame   0x0000035c       0x50 adc.o

.debug_pubnames
                0x00000000      0x170
 .debug_pubnames
                0x00000000       0x1b main.o
 .debug_pubnames
                0x0000001b      0x100 system.o
 .debug_pubnames
                0x0000011b       0x29 printf.o
 .debug_pubnames
                0x00000144       0x2c adc.o

.debug_aranges  0x00000000       0xe0
 .debug_aranges
                0x00000000       0x20 main.o
 .debug_aranges
                0x00000020       0x20 system.o
 .debug_aranges
                0x00000040       0x20 printf.o
 .debug_aranges
                0x00000060       0x20 adc.o
 .debug_aranges
                0x00000080       0x20 /home/owen/ARM/gnuarm-3.4.3/lib/gcc/arm-elf/3.4.3/libgcc.a(_udivsi3.o)
 .debug_aranges
                0x000000a0       0x20 /home/owen/ARM/gnuarm-3.4.3/lib/gcc/arm-elf/3.4.3/libgcc.a(_umodsi3.o)
 .debug_aranges
                0x000000c0       0x20 /home/owen/ARM/gnuarm-3.4.3/lib/gcc/arm-elf/3.4.3/libgcc.a(_dvmd_tls.o)

.comment        0x00000000       0x48
 .comment       0x00000000       0x12 main.o
 .comment       0x00000012       0x12 system.o
 .comment       0x00000024       0x12 printf.o
 .comment       0x00000036       0x12 adc.o

.debug_str      0x00000000       0x14
 .debug_str     0x00000000        0xd system.o
 .debug_str     0x0000000d        0x7 printf.o
