
Memory Configuration

Name             Origin             Length             Attributes
flash            0x00000000         0x00080000
ram_isp_low      0x40000120         0x000000df         a
ram              0x40000200         0x00007f01
ram_isp_high     0x40007fe0         0x00000020         a
ram_usb_dma      0x7fd00000         0x00002000
*default*        0x00000000         0xffffffff

Linker script and memory map

                0x40007edc                _stack_end = 0x40007edc
                0x00000000                . = 0x0

startup
 *(.startup)

.text           0x00000000      0x924
 *(.text)
 .text          0x00000000       0xd8 crt.o
                0x00000000                _startup
                0x00000040                Reset_Handler
 .text          0x000000d8      0x158 main.o
                0x000000d8                main
 .text          0x00000230      0x188 adc.o
                0x000002f4                get_adc1
                0x00000230                get_adc0
 .text          0x000003b8      0x56c system.o
                0x000008f4                UNDEF_Routine
                0x00000400                led_card_init
                0x000004a8                led_card
                0x000008e4                SWI_Routine
                0x000008d4                FIQ_Routine
                0x000005fc                get_char
                0x000003b8                led_board_init
                0x00000508                delay_ms
                0x00000584                delay_ticks
                0x000007d8                feed
                0x000008c4                IRQ_Routine
                0x00000810                enableIRQ
                0x00000448                led_board
                0x00000848                disableIRQ
                0x0000069c                Initialize
                0x00000644                put_char
 *(.rodata)
 *(.rodata*)
 *(.glue_7)
 *(.glue_7t)
                0x00000924                _etext = .

.data           0x40000200        0x0 load address 0x00000924
                0x40000200                _data = .
 *(.data)
                0x40000200                _edata = .

.bss            0x40000200        0x0
                0x40000200                _bss_start = .
 *(.bss)
                0x40000200                . = ALIGN (0x4)
                0x40000200                _bss_end = .
                0x40000200                _end = .
LOAD crt.o
LOAD main.o
LOAD adc.o
LOAD system.o
OUTPUT(main.out elf32-littlearm)

.debug_abbrev   0x00000000      0x1a2
 .debug_abbrev  0x00000000       0x47 main.o
 .debug_abbrev  0x00000047       0x6d adc.o
 .debug_abbrev  0x000000b4       0xee system.o

.debug_info     0x00000000      0x4f5
 .debug_info    0x00000000       0xa2 main.o
 .debug_info    0x000000a2       0xfe adc.o
 .debug_info    0x000001a0      0x355 system.o

.debug_line     0x00000000      0x12b
 .debug_line    0x00000000       0x4a main.o
 .debug_line    0x0000004a       0x47 adc.o
 .debug_line    0x00000091       0x9a system.o

.debug_frame    0x00000000      0x2d0
 .debug_frame   0x00000000       0x30 main.o
 .debug_frame   0x00000030       0x50 adc.o
 .debug_frame   0x00000080      0x250 system.o

.debug_pubnames
                0x00000000      0x147
 .debug_pubnames
                0x00000000       0x1b main.o
 .debug_pubnames
                0x0000001b       0x2c adc.o
 .debug_pubnames
                0x00000047      0x100 system.o

.debug_aranges  0x00000000       0x60
 .debug_aranges
                0x00000000       0x20 main.o
 .debug_aranges
                0x00000020       0x20 adc.o
 .debug_aranges
                0x00000040       0x20 system.o

.comment        0x00000000       0x36
 .comment       0x00000000       0x12 main.o
 .comment       0x00000012       0x12 adc.o
 .comment       0x00000024       0x12 system.o

.debug_str      0x00000000        0xd
 .debug_str     0x00000000        0xd system.o
