
Memory Configuration

Name             Origin             Length             Attributes
flash            0x00000000         0x00080000
ram_isp_low      0x40000120         0x000000df         a
ram              0x40000200         0x00007f01
ram_isp_high     0x40007fe0         0x00000020         a
ram_usb_dma      0x7fd00000         0x00002000
*default*        0x00000000         0xffffffff

Linker script and memory map

                0x40007edc                _stack_end = 0x40007edc
                0x00000000                . = 0x0

startup
 *(.startup)

.text           0x00000000     0x1aa0
 *(.text)
 .text          0x00000000       0xd8 crt.o
                0x00000000                _startup
                0x00000040                Reset_Handler
 .text          0x000000d8      0x244 main.o
                0x000000d8                main
 .text          0x0000031c      0x188 adc.o
                0x000003e0                get_adc1
                0x0000031c                get_adc0
 .text          0x000004a4      0x434 m25pxx.o
                0x0000053c                spi_1
                0x000004a4                spi_1_init
                0x000007c4                write_sector
                0x00000630                read_byte
                0x000005a0                bulk_erase
                0x000006dc                write_byte
 .text          0x000008d8      0x4d0 sample_play.o
                0x00000a30                sampler_change
                0x00000ac8                sample_play_init
                0x0000094c                sample_play_stop
                0x000009e0                sampler_speed
                0x000008d8                sample_play_start
 .text          0x00000da8      0x78c sample_record.o
                0x0000117c                get_rec_enable
                0x00001018                sample_record_line
                0x00000f30                sample_record_line_init
                0x00001134                get_rec_status
                0x00000e40                sample_record_uart
                0x00000da8                sample_record_uart_init
 .text          0x00001534      0x56c system.o
                0x00001a70                UNDEF_Routine
                0x0000157c                led_card_init
                0x00001624                led_card
                0x00001a60                SWI_Routine
                0x00001a50                FIQ_Routine
                0x00001778                get_char
                0x00001534                led_board_init
                0x00001684                delay_ms
                0x00001700                delay_ticks
                0x00001954                feed
                0x00001a40                IRQ_Routine
                0x0000198c                enableIRQ
                0x000015c4                led_board
                0x000019c4                disableIRQ
                0x00001818                Initialize
                0x000017c0                put_char
 *(.rodata)
 *(.rodata*)
 *(.glue_7)
 *(.glue_7t)
                0x00001aa0                _etext = .

.data           0x40000200        0x4 load address 0x00001aa0
                0x40000200                _data = .
 *(.data)
 .data          0x40000200        0x4 sample_play.o
                0x40000204                _edata = .

.bss            0x40000204      0x240
                0x40000204                _bss_start = .
 *(.bss)
 .bss           0x40000204       0x24 sample_play.o
 .bss           0x40000228      0x21c sample_record.o
                0x40000444                . = ALIGN (0x4)
                0x40000444                _bss_end = .
                0x40000444                _end = .
LOAD crt.o
LOAD main.o
LOAD adc.o
LOAD m25pxx.o
LOAD sample_play.o
LOAD sample_record.o
LOAD system.o
OUTPUT(main.out elf32-littlearm)

.debug_abbrev   0x00000000      0x3b4
 .debug_abbrev  0x00000000       0xa8 main.o
 .debug_abbrev  0x000000a8       0x6d adc.o
 .debug_abbrev  0x00000115       0x8b m25pxx.o
 .debug_abbrev  0x000001a0       0x7c sample_play.o
 .debug_abbrev  0x0000021c       0xaa sample_record.o
 .debug_abbrev  0x000002c6       0xee system.o

.debug_info     0x00000000      0xc75
 .debug_info    0x00000000      0x11c main.o
 .debug_info    0x0000011c      0x103 adc.o
 .debug_info    0x0000021f      0x1c6 m25pxx.o
 .debug_info    0x000003e5      0x280 sample_play.o
 .debug_info    0x00000665      0x2b6 sample_record.o
 .debug_info    0x0000091b      0x35a system.o

.debug_line     0x00000000      0x2d2
 .debug_line    0x00000000       0x61 main.o
 .debug_line    0x00000061       0x47 adc.o
 .debug_line    0x000000a8       0x6e m25pxx.o
 .debug_line    0x00000116       0x79 sample_play.o
 .debug_line    0x0000018f       0xa9 sample_record.o
 .debug_line    0x00000238       0x9a system.o

.debug_frame    0x00000000      0x594
 .debug_frame   0x00000000       0x34 main.o
 .debug_frame   0x00000034       0x50 adc.o
 .debug_frame   0x00000084       0xd0 m25pxx.o
 .debug_frame   0x00000154       0xd4 sample_play.o
 .debug_frame   0x00000228      0x11c sample_record.o
 .debug_frame   0x00000344      0x250 system.o

.debug_pubnames
                0x00000000      0x2c4
 .debug_pubnames
                0x00000000       0x1b main.o
 .debug_pubnames
                0x0000001b       0x2c adc.o
 .debug_pubnames
                0x00000047       0x68 m25pxx.o
 .debug_pubnames
                0x000000af       0x77 sample_play.o
 .debug_pubnames
                0x00000126       0x9e sample_record.o
 .debug_pubnames
                0x000001c4      0x100 system.o

.debug_aranges  0x00000000       0xc0
 .debug_aranges
                0x00000000       0x20 main.o
 .debug_aranges
                0x00000020       0x20 adc.o
 .debug_aranges
                0x00000040       0x20 m25pxx.o
 .debug_aranges
                0x00000060       0x20 sample_play.o
 .debug_aranges
                0x00000080       0x20 sample_record.o
 .debug_aranges
                0x000000a0       0x20 system.o

.debug_str      0x00000000       0x16
 .debug_str     0x00000000        0x9 main.o
 .debug_str     0x00000009        0xd system.o

.comment        0x00000000       0x6c
 .comment       0x00000000       0x12 main.o
 .comment       0x00000012       0x12 adc.o
 .comment       0x00000024       0x12 m25pxx.o
 .comment       0x00000036       0x12 sample_play.o
 .comment       0x00000048       0x12 sample_record.o
 .comment       0x0000005a       0x12 system.o
