
Memory Configuration

Name             Origin             Length             Attributes
flash            0x00000000         0x00080000
ram_isp_low      0x40000120         0x000000df         a
ram              0x40000200         0x00007f01
ram_isp_high     0x40007fe0         0x00000020         a
ram_usb_dma      0x7fd00000         0x00002000
*default*        0x00000000         0xffffffff

Linker script and memory map

                0x40007edc                _stack_end = 0x40007edc
                0x00000000                . = 0x0

startup
 *(.startup)

.text           0x00000000      0x6d4
 *(.text)
 .text          0x00000000       0xd8 crt.o
                0x00000000                _startup
                0x00000040                Reset_Handler
 .text          0x000000d8       0x90 main.o
                0x000000d8                main
 .text          0x00000168      0x56c system.o
                0x000006a4                UNDEF_Routine
                0x000001b0                led_card_init
                0x00000258                led_card
                0x00000694                SWI_Routine
                0x00000684                FIQ_Routine
                0x000003ac                get_char
                0x00000168                led_board_init
                0x000002b8                delay_ms
                0x00000334                delay_ticks
                0x00000588                feed
                0x00000674                IRQ_Routine
                0x000005c0                enableIRQ
                0x000001f8                led_board
                0x000005f8                disableIRQ
                0x0000044c                Initialize
                0x000003f4                put_char
 *(.rodata)
 *(.rodata*)
 *(.glue_7)
 *(.glue_7t)
                0x000006d4                _etext = .

.data           0x40000200        0x0 load address 0x000006d4
                0x40000200                _data = .
 *(.data)
                0x40000200                _edata = .

.bss            0x40000200        0x0
                0x40000200                _bss_start = .
 *(.bss)
                0x40000200                . = ALIGN (0x4)
                0x40000200                _bss_end = .
                0x40000200                _end = .
LOAD crt.o
LOAD main.o
LOAD system.o
OUTPUT(main.out elf32-littlearm)

.debug_abbrev   0x00000000      0x124
 .debug_abbrev  0x00000000       0x36 main.o
 .debug_abbrev  0x00000036       0xee system.o

.debug_info     0x00000000      0x3dc
 .debug_info    0x00000000       0x88 main.o
 .debug_info    0x00000088      0x354 system.o

.debug_line     0x00000000       0xdd
 .debug_line    0x00000000       0x43 main.o
 .debug_line    0x00000043       0x9a system.o

.debug_frame    0x00000000      0x280
 .debug_frame   0x00000000       0x30 main.o
 .debug_frame   0x00000030      0x250 system.o

.debug_pubnames
                0x00000000      0x11b
 .debug_pubnames
                0x00000000       0x1b main.o
 .debug_pubnames
                0x0000001b      0x100 system.o

.debug_aranges  0x00000000       0x40
 .debug_aranges
                0x00000000       0x20 main.o
 .debug_aranges
                0x00000020       0x20 system.o

.comment        0x00000000       0x24
 .comment       0x00000000       0x12 main.o
 .comment       0x00000012       0x12 system.o

.debug_str      0x00000000        0xd
 .debug_str     0x00000000        0xd system.o
