
Memory Configuration

Name             Origin             Length             Attributes
flash            0x00000000         0x00080000
ram_isp_low      0x40000120         0x000000df         a
ram              0x40000200         0x00007f01
ram_isp_high     0x40007fe0         0x00000020         a
ram_usb_dma      0x7fd00000         0x00002000
*default*        0x00000000         0xffffffff

Linker script and memory map

                0x40007edc                _stack_end = 0x40007edc
                0x00000000                . = 0x0

startup
 *(.startup)

.text           0x00000000      0xb28
 *(.text)
 .text          0x00000000       0xd8 crt.o
                0x00000000                _startup
                0x00000040                Reset_Handler
 .text          0x000000d8       0xa8 main.o
                0x000000d8                main
 .text          0x00000180      0x23c audio_sinewave.o
                0x0000025c                synth_stop
                0x000002c0                synth_amp
                0x00000180                synth_init
                0x00000280                synth_freq
 .text          0x000003bc      0x56c system.o
                0x000008f8                UNDEF_Routine
                0x00000404                led_card_init
                0x000004ac                led_card
                0x000008e8                SWI_Routine
                0x000008d8                FIQ_Routine
                0x00000600                get_char
                0x000003bc                led_board_init
                0x0000050c                delay_ms
                0x00000588                delay_ticks
                0x000007dc                feed
                0x000008c8                IRQ_Routine
                0x00000814                enableIRQ
                0x0000044c                led_board
                0x0000084c                disableIRQ
                0x000006a0                Initialize
                0x00000648                put_char
 *(.rodata)
 .rodata        0x00000928      0x200 audio_sinewave.o
                0x00000a28                triTable
                0x00000928                sineTable
 *(.rodata*)
 *(.glue_7)
 *(.glue_7t)
                0x00000b28                _etext = .

.data           0x40000200        0x0 load address 0x00000b28
                0x40000200                _data = .
 *(.data)
                0x40000200                _edata = .

.bss            0x40000200       0x10
                0x40000200                _bss_start = .
 *(.bss)
 .bss           0x40000200       0x10 audio_sinewave.o
                0x40000210                . = ALIGN (0x4)
                0x40000210                _bss_end = .
                0x40000210                _end = .
LOAD crt.o
LOAD main.o
LOAD audio_sinewave.o
LOAD system.o
OUTPUT(main.out elf32-littlearm)

.debug_abbrev   0x00000000      0x1ca
 .debug_abbrev  0x00000000       0x36 main.o
 .debug_abbrev  0x00000036       0xa6 audio_sinewave.o
 .debug_abbrev  0x000000dc       0xee system.o

.debug_info     0x00000000      0x5df
 .debug_info    0x00000000       0x8a main.o
 .debug_info    0x0000008a      0x1ff audio_sinewave.o
 .debug_info    0x00000289      0x356 system.o

.debug_line     0x00000000      0x14f
 .debug_line    0x00000000       0x4a main.o
 .debug_line    0x0000004a       0x6b audio_sinewave.o
 .debug_line    0x000000b5       0x9a system.o

.debug_frame    0x00000000      0x338
 .debug_frame   0x00000000       0x30 main.o
 .debug_frame   0x00000030       0xb8 audio_sinewave.o
 .debug_frame   0x000000e8      0x250 system.o

.debug_pubnames
                0x00000000      0x183
 .debug_pubnames
                0x00000000       0x1b main.o
 .debug_pubnames
                0x0000001b       0x68 audio_sinewave.o
 .debug_pubnames
                0x00000083      0x100 system.o

.debug_aranges  0x00000000       0x60
 .debug_aranges
                0x00000000       0x20 main.o
 .debug_aranges
                0x00000020       0x20 audio_sinewave.o
 .debug_aranges
                0x00000040       0x20 system.o

.comment        0x00000000       0x36
 .comment       0x00000000       0x12 main.o
 .comment       0x00000012       0x12 audio_sinewave.o
 .comment       0x00000024       0x12 system.o

.debug_str      0x00000000        0xd
 .debug_str     0x00000000        0xd system.o
